// Jest Snapshot v1, https://goo.gl/fbAQLP

exports[`MasteredElementService getMasteredElements should return all mastered elements for a user 1`] = `
[
  {
    "english": "test3",
  },
  {
    "english": "test2",
  },
  {
    "english": "test1",
  },
]
`;

exports[`MasteredElementService getMasteredElements should return elements in descending order of masteredAt 1`] = `
[
  {
    "english": "test3",
  },
  {
    "english": "test2",
  },
  {
    "english": "test1",
  },
]
`;
