// Jest Snapshot v1, https://goo.gl/fbAQLP

exports[`course-pack e2e get: /course-pack 1`] = `[]`;

exports[`course-pack e2e get: /course-pack/:coursePackId 1`] = `
{
  "courses": [
    {
      "completionCount": 0,
      "coursePackId": 1,
      "id": 1,
      "title": "第一课",
    },
    {
      "completionCount": 0,
      "coursePackId": 1,
      "id": 2,
      "title": "第一课",
    },
  ],
  "description": "这是一个课程包",
  "id": 1,
  "isFree": true,
  "title": "课程包",
}
`;

exports[`course-pack e2e get: /course-pack/:coursePackId/courses/:courseId 1`] = `
{
  "coursePackId": 1,
  "id": 1,
  "statementIndex": 0,
  "statements": [
    {
      "chinese": "你好",
      "courseId": 1,
      "english": "hello",
      "order": 1,
      "soundmark": "nihao",
    },
    {
      "chinese": "你好",
      "courseId": 1,
      "english": "hello",
      "order": 2,
      "soundmark": "nihao",
    },
  ],
  "title": "第一课",
}
`;
